
Allocating common symbols
Common symbol       size              file

thread_ready_list   0x10              build/thread.o
thread_all_list     0x10              build/thread.o
user_pool           0x2c              build/memory.o
k_block_descs       0xa8              build/memory.o
intr_name           0x204             build/interrupt.o
main_thread         0x4               build/thread.o
ticks               0x4               build/timer.o
kernel_vaddr        0xc               build/memory.o
syscall_table       0x80              build/syscall-init.o
idt_table           0x204             build/interrupt.o
kernel_pool         0x2c              build/memory.o
pid_lock            0x1c              build/thread.o

Discarded input sections

 .note.GNU-stack
                0x0000000000000000        0x0 build/main.o
 .note.GNU-stack
                0x0000000000000000        0x0 build/init.o
 .note.GNU-stack
                0x0000000000000000        0x0 build/interrupt.o
 .note.GNU-stack
                0x0000000000000000        0x0 build/timer.o
 .note.GNU-stack
                0x0000000000000000        0x0 build/debug.o
 .note.GNU-stack
                0x0000000000000000        0x0 build/memory.o
 .note.GNU-stack
                0x0000000000000000        0x0 build/bitmap.o
 .note.GNU-stack
                0x0000000000000000        0x0 build/string.o
 .note.GNU-stack
                0x0000000000000000        0x0 build/thread.o
 .note.GNU-stack
                0x0000000000000000        0x0 build/list.o
 .note.GNU-stack
                0x0000000000000000        0x0 build/console.o
 .note.GNU-stack
                0x0000000000000000        0x0 build/sync.o
 .note.GNU-stack
                0x0000000000000000        0x0 build/tss.o
 .note.GNU-stack
                0x0000000000000000        0x0 build/process.o
 .note.GNU-stack
                0x0000000000000000        0x0 build/syscall.o
 .note.GNU-stack
                0x0000000000000000        0x0 build/syscall-init.o
 .note.GNU-stack
                0x0000000000000000        0x0 build/stdio.o

Memory Configuration

Name             Origin             Length             Attributes
*default*        0x0000000000000000 0xffffffffffffffff

Linker script and memory map

Address of section .text set to 0xc0001500
LOAD build/main.o
LOAD build/init.o
LOAD build/interrupt.o
LOAD build/timer.o
LOAD build/kernel.o
LOAD build/print.o
LOAD build/debug.o
LOAD build/memory.o
LOAD build/bitmap.o
LOAD build/string.o
LOAD build/thread.o
LOAD build/list.o
LOAD build/switch.o
LOAD build/console.o
LOAD build/sync.o
LOAD build/tss.o
LOAD build/process.o
LOAD build/syscall.o
LOAD build/syscall-init.o
LOAD build/stdio.o
                [!provide]                        PROVIDE (__executable_start, 0x8048000)
                0x0000000008048094                . = (0x8048000 + SIZEOF_HEADERS)

.interp
 *(.interp)

.note.gnu.build-id
 *(.note.gnu.build-id)

.hash
 *(.hash)

.gnu.hash
 *(.gnu.hash)

.dynsym
 *(.dynsym)

.dynstr
 *(.dynstr)

.gnu.version
 *(.gnu.version)

.gnu.version_d
 *(.gnu.version_d)

.gnu.version_r
 *(.gnu.version_r)

.rel.dyn        0x0000000008048094        0x0
 *(.rel.init)
 *(.rel.text .rel.text.* .rel.gnu.linkonce.t.*)
 .rel.text      0x0000000008048094        0x0 build/main.o
 *(.rel.fini)
 *(.rel.rodata .rel.rodata.* .rel.gnu.linkonce.r.*)
 *(.rel.data.rel.ro .rel.data.rel.ro.* .rel.gnu.linkonce.d.rel.ro.*)
 *(.rel.data .rel.data.* .rel.gnu.linkonce.d.*)
 *(.rel.tdata .rel.tdata.* .rel.gnu.linkonce.td.*)
 *(.rel.tbss .rel.tbss.* .rel.gnu.linkonce.tb.*)
 *(.rel.ctors)
 *(.rel.dtors)
 *(.rel.got)
 *(.rel.bss .rel.bss.* .rel.gnu.linkonce.b.*)
 *(.rel.ifunc)

.rel.plt        0x0000000008048094        0x0
 *(.rel.plt)
                [!provide]                        PROVIDE (__rel_iplt_start, .)
 *(.rel.iplt)
 .rel.iplt      0x0000000008048094        0x0 build/main.o
                [!provide]                        PROVIDE (__rel_iplt_end, .)

.init
 *(SORT(.init))

.plt            0x00000000080480a0        0x0
 *(.plt)
 *(.iplt)
 .iplt          0x00000000080480a0        0x0 build/main.o

.plt.got
 *(.plt.got)

.text           0x00000000c0001500     0x3c5f
 *(.text.unlikely .text.*_unlikely .text.unlikely.*)
 *(.text.exit .text.exit.*)
 *(.text.startup .text.startup.*)
 *(.text.hot .text.hot.*)
 *(.text .stub .text.* .gnu.linkonce.t.*)
 .text          0x00000000c0001500      0x383 build/main.o
                0x00000000c0001500                main
                0x00000000c0001589                k_thread_a
                0x00000000c000166d                k_thread_b
                0x00000000c0001751                u_prog_a
                0x00000000c00017ea                u_prog_b
 .text          0x00000000c0001883       0x3c build/init.o
                0x00000000c0001883                init_all
 .text          0x00000000c00018bf      0x46e build/interrupt.o
                0x00000000c0001c11                intr_enable
                0x00000000c0001c3a                intr_disable
                0x00000000c0001c63                intr_set_status
                0x00000000c0001c81                intr_get_status
                0x00000000c0001ca5                register_handler
                0x00000000c0001cc2                idt_init
 .text          0x00000000c0001d2d      0x165 build/timer.o
                0x00000000c0001e3f                timer_init
 *fill*         0x00000000c0001e92        0xe 
 .text          0x00000000c0001ea0      0x55b build/kernel.o
                0x00000000c0001ea0                intr_exit
                0x00000000c00023d7                syscall_handler
 *fill*         0x00000000c00023fb        0x5 
 .text          0x00000000c0002400      0x172 build/print.o
                0x00000000c0002400                put_str
                0x00000000c000241e                put_char
                0x00000000c00024eb                put_int
                0x00000000c000254e                set_cursor
 .text          0x00000000c0002572       0xd6 build/debug.o
                0x00000000c0002572                panic_spin
 .text          0x00000000c0002648     0x10f3 build/memory.o
                0x00000000c000275e                pte_ptr
                0x00000000c000278e                pde_ptr
                0x00000000c0002909                malloc_page
                0x00000000c00029cb                get_kernel_pages
                0x00000000c0002a26                get_user_pages
                0x00000000c0002a81                get_a_page
                0x00000000c0002bf1                addr_v2p
                0x00000000c0002c44                sys_malloc
                0x00000000c0002f79                pfree
                0x00000000c00030b0                mfree_page
                0x00000000c0003271                sys_free
                0x00000000c0003657                block_desc_init
                0x00000000c00036ea                mem_init
 .text          0x00000000c000373b      0x249 build/bitmap.o
                0x00000000c000373b                bitmap_init
                0x00000000c000375e                bitmap_scan_test
                0x00000000c000379e                bitmap_scan
                0x00000000c00038d3                bitmap_set
 .text          0x00000000c0003984      0x3d0 build/string.o
                0x00000000c0003984                memset
                0x00000000c00039d6                memcpy
                0x00000000c0003a36                memcmp
                0x00000000c0003ab9                strcpy
                0x00000000c0003b0e                strlen
                0x00000000c0003b59                strcmp
                0x00000000c0003bd2                strchr
                0x00000000c0003c2a                strrchr
                0x00000000c0003c88                strcat
                0x00000000c0003cf2                strchrs
 .text          0x00000000c0003d54      0x5be build/thread.o
                0x00000000c0003d54                running_thread
                0x00000000c0003dc4                thread_create
                0x00000000c0003e3b                init_thread
                0x00000000c0003ee2                thread_start
                0x00000000c0004035                schedule
                0x00000000c0004157                thread_block
                0x00000000c00041ba                thread_unblock
                0x00000000c00042b4                thread_init
 .text          0x00000000c0004312      0x1f1 build/list.o
                0x00000000c0004312                list_init
                0x00000000c0004340                list_insert_before
                0x00000000c0004385                list_push
                0x00000000c00043a3                list_append
                0x00000000c00043c1                list_remove
                0x00000000c00043fb                list_pop
                0x00000000c000441d                elem_find
                0x00000000c0004458                list_traversal
                0x00000000c00044b5                list_len
                0x00000000c00044ea                list_empty
 *fill*         0x00000000c0004503        0xd 
 .text          0x00000000c0004510       0x15 build/switch.o
                0x00000000c0004510                switch_to
 .text          0x00000000c0004525       0xb6 build/console.o
                0x00000000c0004525                console_init
                0x00000000c000453e                console_acquire
                0x00000000c0004557                console_release
                0x00000000c0004570                console_put_str
                0x00000000c0004591                console_put_char
                0x00000000c00045ba                console_put_int
 .text          0x00000000c00045db      0x313 build/sync.o
                0x00000000c00045db                sema_init
                0x00000000c0004605                lock_init
                0x00000000c0004635                sema_down
                0x00000000c0004730                sema_up
                0x00000000c00047df                lock_acquire
                0x00000000c0004856                lock_release
 .text          0x00000000c00048ee      0x18c build/tss.o
                0x00000000c00048ee                update_tss_esp
                0x00000000c0004970                tss_init
 .text          0x00000000c0004a7a      0x367 build/process.o
                0x00000000c0004a7a                start_process
                0x00000000c0004b7f                page_dir_activate
                0x00000000c0004bb4                process_activate
                0x00000000c0004c02                create_page_dir
                0x00000000c0004c7a                create_user_vaddr_bitmap
                0x00000000c0004cc6                process_execute
 .text          0x00000000c0004de1       0x70 build/syscall.o
                0x00000000c0004de1                getpid
                0x00000000c0004df6                write
                0x00000000c0004e15                malloc
                0x00000000c0004e34                free
 .text          0x00000000c0004e51       0x87 build/syscall-init.o
                0x00000000c0004e51                sys_getpid
                0x00000000c0004e63                sys_write
                0x00000000c0004e87                syscall_init
 .text          0x00000000c0004ed8      0x287 build/stdio.o
                0x00000000c0004f57                vsprintf
                0x00000000c00050d4                sprintf
                0x00000000c0005104                printf
 *(.gnu.warning)

.fini
 *(SORT(.fini))
                [!provide]                        PROVIDE (__etext, .)
                [!provide]                        PROVIDE (_etext, .)
                [!provide]                        PROVIDE (etext, .)

.rodata         0x00000000c0005160      0xe73
 *(.rodata .rodata.* .gnu.linkonce.r.*)
 .rodata        0x00000000c0005160       0xcc build/main.o
 .rodata        0x00000000c000522c        0xa build/init.o
 *fill*         0x00000000c0005236        0x2 
 .rodata        0x00000000c0005238      0x2cd build/interrupt.o
 *fill*         0x00000000c0005505        0x3 
 .rodata        0x00000000c0005508       0x6b build/timer.o
 .rodata        0x00000000c0005573       0x3f build/debug.o
 *fill*         0x00000000c00055b2        0x2 
 .rodata        0x00000000c00055b4      0x3bd build/memory.o
 *fill*         0x00000000c0005971        0x3 
 .rodata        0x00000000c0005974       0x6b build/bitmap.o
 *fill*         0x00000000c00059df        0x1 
 .rodata        0x00000000c00059e0       0xc4 build/string.o
 .rodata        0x00000000c0005aa4      0x2cb build/thread.o
 *fill*         0x00000000c0005d6f        0x1 
 .rodata        0x00000000c0005d70      0x135 build/sync.o
 .rodata        0x00000000c0005ea5       0x27 build/tss.o
 .rodata        0x00000000c0005ecc       0xe0 build/process.o
 .rodata        0x00000000c0005fac       0x27 build/syscall-init.o

.rodata1
 *(.rodata1)

.eh_frame_hdr
 *(.eh_frame_hdr)
 *(.eh_frame_entry .eh_frame_entry.*)

.eh_frame       0x00000000c0005fd4      0xe20
 *(.eh_frame)
 .eh_frame      0x00000000c0005fd4       0xac build/main.o
 .eh_frame      0x00000000c0006080       0x20 build/init.o
                                         0x38 (size before relaxing)
 .eh_frame      0x00000000c00060a0      0x188 build/interrupt.o
                                        0x1a0 (size before relaxing)
 .eh_frame      0x00000000c0006228       0x88 build/timer.o
                                         0xa0 (size before relaxing)
 .eh_frame      0x00000000c00062b0       0x1c build/debug.o
                                         0x34 (size before relaxing)
 .eh_frame      0x00000000c00062cc      0x2a0 build/memory.o
                                        0x2b8 (size before relaxing)
 .eh_frame      0x00000000c000656c       0x8c build/bitmap.o
                                         0xa4 (size before relaxing)
 .eh_frame      0x00000000c00065f8      0x140 build/string.o
                                        0x158 (size before relaxing)
 .eh_frame      0x00000000c0006738      0x160 build/thread.o
                                        0x178 (size before relaxing)
 .eh_frame      0x00000000c0006898      0x140 build/list.o
                                        0x158 (size before relaxing)
 .eh_frame      0x00000000c00069d8       0xc0 build/console.o
                                         0xd8 (size before relaxing)
 .eh_frame      0x00000000c0006a98       0xc8 build/sync.o
                                         0xe0 (size before relaxing)
 .eh_frame      0x00000000c0006b60       0x64 build/tss.o
                                         0x7c (size before relaxing)
 .eh_frame      0x00000000c0006bc4       0xc0 build/process.o
                                         0xd8 (size before relaxing)
 .eh_frame      0x00000000c0006c84       0x8c build/syscall.o
                                         0xa4 (size before relaxing)
 .eh_frame      0x00000000c0006d10       0x60 build/syscall-init.o
                                         0x78 (size before relaxing)
 .eh_frame      0x00000000c0006d70       0x84 build/stdio.o
                                         0x9c (size before relaxing)
 *(.eh_frame.*)

.gcc_except_table
 *(.gcc_except_table .gcc_except_table.*)

.gnu_extab
 *(.gnu_extab*)

.exception_ranges
 *(.exception_ranges .exception_ranges*)
                0x00000000c0007000                . = DATA_SEGMENT_ALIGN (0x1000, 0x1000)

.eh_frame
 *(.eh_frame)
 *(.eh_frame.*)

.gnu_extab
 *(.gnu_extab)

.gcc_except_table
 *(.gcc_except_table .gcc_except_table.*)

.exception_ranges
 *(.exception_ranges .exception_ranges*)

.tdata
 *(.tdata .tdata.* .gnu.linkonce.td.*)

.tbss
 *(.tbss .tbss.* .gnu.linkonce.tb.*)
 *(.tcommon)

.preinit_array  0x00000000c0007000        0x0
                [!provide]                        PROVIDE (__preinit_array_start, .)
 *(.preinit_array)
                [!provide]                        PROVIDE (__preinit_array_end, .)

.init_array     0x00000000c0007000        0x0
                [!provide]                        PROVIDE (__init_array_start, .)
 *(SORT(.init_array.*) SORT(.ctors.*))
 *(.init_array EXCLUDE_FILE(*crtend?.o *crtend.o *crtbegin?.o *crtbegin.o) .ctors)
                [!provide]                        PROVIDE (__init_array_end, .)

.fini_array     0x00000000c0007000        0x0
                [!provide]                        PROVIDE (__fini_array_start, .)
 *(SORT(.fini_array.*) SORT(.dtors.*))
 *(.fini_array EXCLUDE_FILE(*crtend?.o *crtend.o *crtbegin?.o *crtbegin.o) .dtors)
                [!provide]                        PROVIDE (__fini_array_end, .)

.ctors
 *crtbegin.o(.ctors)
 *crtbegin?.o(.ctors)
 *(EXCLUDE_FILE(*crtend?.o *crtend.o) .ctors)
 *(SORT(.ctors.*))
 *(.ctors)

.dtors
 *crtbegin.o(.dtors)
 *crtbegin?.o(.dtors)
 *(EXCLUDE_FILE(*crtend?.o *crtend.o) .dtors)
 *(SORT(.dtors.*))
 *(.dtors)

.jcr
 *(.jcr)

.data.rel.ro
 *(.data.rel.ro.local* .gnu.linkonce.d.rel.ro.local.*)
 *(.data.rel.ro .data.rel.ro.* .gnu.linkonce.d.rel.ro.*)

.dynamic
 *(.dynamic)

.got
 *(.got)
 *(.igot)
                0x00000000c0007000                . = DATA_SEGMENT_RELRO_END (., (SIZEOF (.got.plt) >= 0xc)?0xc:0x0)

.got.plt        0x00000000c0007000        0x0
 *(.got.plt)
 *(.igot.plt)
 .igot.plt      0x00000000c0007000        0x0 build/main.o

.data           0x00000000c0007000       0xc8
 *(.data .data.* .gnu.linkonce.d.*)
 .data          0x00000000c0007000        0x0 build/main.o
 .data          0x00000000c0007000        0x0 build/init.o
 .data          0x00000000c0007000        0x0 build/interrupt.o
 .data          0x00000000c0007000        0x0 build/timer.o
 .data          0x00000000c0007000       0xc0 build/kernel.o
                0x00000000c0007000                intr_entry_table
 .data          0x00000000c00070c0        0x8 build/print.o
 .data          0x00000000c00070c8        0x0 build/debug.o
 .data          0x00000000c00070c8        0x0 build/memory.o
 .data          0x00000000c00070c8        0x0 build/bitmap.o
 .data          0x00000000c00070c8        0x0 build/string.o
 .data          0x00000000c00070c8        0x0 build/thread.o
 .data          0x00000000c00070c8        0x0 build/list.o
 .data          0x00000000c00070c8        0x0 build/console.o
 .data          0x00000000c00070c8        0x0 build/sync.o
 .data          0x00000000c00070c8        0x0 build/tss.o
 .data          0x00000000c00070c8        0x0 build/process.o
 .data          0x00000000c00070c8        0x0 build/syscall.o
 .data          0x00000000c00070c8        0x0 build/syscall-init.o
 .data          0x00000000c00070c8        0x0 build/stdio.o

.data1
 *(.data1)
                0x00000000c00070c8                _edata = .
                [!provide]                        PROVIDE (edata, .)
                0x00000000c00070c8                . = .
                0x00000000c00070c8                __bss_start = .

.bss            0x00000000c00070e0      0xb00
 *(.dynbss)
 *(.bss .bss.* .gnu.linkonce.b.*)
 .bss           0x00000000c00070e0        0x0 build/main.o
 .bss           0x00000000c00070e0        0x0 build/init.o
 .bss           0x00000000c00070e0      0x408 build/interrupt.o
 .bss           0x00000000c00074e8        0x0 build/timer.o
 .bss           0x00000000c00074e8        0x0 build/debug.o
 .bss           0x00000000c00074e8        0x0 build/memory.o
 .bss           0x00000000c00074e8        0x0 build/bitmap.o
 .bss           0x00000000c00074e8        0x0 build/string.o
 .bss           0x00000000c00074e8        0x6 build/thread.o
 .bss           0x00000000c00074ee        0x0 build/list.o
 *fill*         0x00000000c00074ee        0x2 
 .bss           0x00000000c00074f0       0x1c build/console.o
 .bss           0x00000000c000750c        0x0 build/sync.o
 *fill*         0x00000000c000750c       0x14 
 .bss           0x00000000c0007520       0x6c build/tss.o
 .bss           0x00000000c000758c        0x0 build/process.o
 .bss           0x00000000c000758c        0x0 build/syscall.o
 .bss           0x00000000c000758c        0x0 build/syscall-init.o
 .bss           0x00000000c000758c        0x0 build/stdio.o
 *(COMMON)
 *fill*         0x00000000c000758c       0x14 
 COMMON         0x00000000c00075a0      0x424 build/interrupt.o
                0x00000000c00075a0                intr_name
                0x00000000c00077c0                idt_table
 COMMON         0x00000000c00079c4        0x4 build/timer.o
                0x00000000c00079c4                ticks
 *fill*         0x00000000c00079c8       0x18 
 COMMON         0x00000000c00079e0      0x12c build/memory.o
                0x00000000c00079e0                user_pool
                0x00000000c0007a20                k_block_descs
                0x00000000c0007ac8                kernel_vaddr
                0x00000000c0007ae0                kernel_pool
 COMMON         0x00000000c0007b0c       0x40 build/thread.o
                0x00000000c0007b0c                thread_ready_list
                0x00000000c0007b1c                thread_all_list
                0x00000000c0007b2c                main_thread
                0x00000000c0007b30                pid_lock
 *fill*         0x00000000c0007b4c       0x14 
 COMMON         0x00000000c0007b60       0x80 build/syscall-init.o
                0x00000000c0007b60                syscall_table
                0x00000000c0007be0                . = ALIGN ((. != 0x0)?0x4:0x1)
                0x00000000c0007be0                . = ALIGN (0x4)
                0x00000000c0007be0                . = SEGMENT_START ("ldata-segment", .)
                0x00000000c0007be0                . = ALIGN (0x4)
                0x00000000c0007be0                _end = .
                [!provide]                        PROVIDE (end, .)
                0x00000000c0007be0                . = DATA_SEGMENT_END (.)

.stab
 *(.stab)

.stabstr
 *(.stabstr)

.stab.excl
 *(.stab.excl)

.stab.exclstr
 *(.stab.exclstr)

.stab.index
 *(.stab.index)

.stab.indexstr
 *(.stab.indexstr)

.comment        0x0000000000000000       0x34
 *(.comment)
 .comment       0x0000000000000000       0x34 build/main.o
                                         0x35 (size before relaxing)
 .comment       0x0000000000000034       0x35 build/init.o
 .comment       0x0000000000000034       0x35 build/interrupt.o
 .comment       0x0000000000000034       0x35 build/timer.o
 .comment       0x0000000000000034       0x35 build/debug.o
 .comment       0x0000000000000034       0x35 build/memory.o
 .comment       0x0000000000000034       0x35 build/bitmap.o
 .comment       0x0000000000000034       0x35 build/string.o
 .comment       0x0000000000000034       0x35 build/thread.o
 .comment       0x0000000000000034       0x35 build/list.o
 .comment       0x0000000000000034       0x35 build/console.o
 .comment       0x0000000000000034       0x35 build/sync.o
 .comment       0x0000000000000034       0x35 build/tss.o
 .comment       0x0000000000000034       0x35 build/process.o
 .comment       0x0000000000000034       0x35 build/syscall.o
 .comment       0x0000000000000034       0x35 build/syscall-init.o
 .comment       0x0000000000000034       0x35 build/stdio.o

.debug
 *(.debug)

.line
 *(.line)

.debug_srcinfo
 *(.debug_srcinfo)

.debug_sfnames
 *(.debug_sfnames)

.debug_aranges
 *(.debug_aranges)

.debug_pubnames
 *(.debug_pubnames)

.debug_info
 *(.debug_info .gnu.linkonce.wi.*)

.debug_abbrev
 *(.debug_abbrev)

.debug_line
 *(.debug_line .debug_line.* .debug_line_end)

.debug_frame
 *(.debug_frame)

.debug_str
 *(.debug_str)

.debug_loc
 *(.debug_loc)

.debug_macinfo
 *(.debug_macinfo)

.debug_weaknames
 *(.debug_weaknames)

.debug_funcnames
 *(.debug_funcnames)

.debug_typenames
 *(.debug_typenames)

.debug_varnames
 *(.debug_varnames)

.debug_pubtypes
 *(.debug_pubtypes)

.debug_ranges
 *(.debug_ranges)

.debug_macro
 *(.debug_macro)

.gnu.attributes
 *(.gnu.attributes)

/DISCARD/
 *(.note.GNU-stack)
 *(.gnu_debuglink)
 *(.gnu.lto_*)
OUTPUT(build/kernel.bin elf32-i386)
